// Jest Snapshot v1, https://goo.gl/fbAQLP

exports[`should render ExpenseList with expenses 1`] = `
<div>
  <div>
    <ExpenseListItem
      amount={195}
      createdAt={0}
      description="Gum"
      id="1"
      key="1"
      note="don't swallow it"
    />
    <ExpenseListItem
      amount={115523}
      createdAt={345600000}
      description="Mortgage"
      id="2"
      key="2"
      note="house payment"
    />
    <ExpenseListItem
      amount={3700}
      createdAt={-345600000}
      description="Credit card"
      id="3"
      key="3"
      note="pay off and close"
    />
  </div>
</div>
`;

exports[`should render ExpenseList with no expenses 1`] = `
<div>
  <p>
    No Expenses.
  </p>
</div>
`;
