// Jest Snapshot v1, https://goo.gl/fbAQLP

exports[`should render ExpenseListItem 1`] = `
<div>
  <h3>
    <Link
      replace={false}
      to="/edit/2"
    >
       
      Mortgage
    </Link>
     
  </h3>
  <p>
    $1,155.23
    -
    January 4th, 1970
  </p>
</div>
`;
